[bluebyheart.com/rxce-colour-prediction/index.html]
[backblue.gif]
[fade.gif]
[index.html]
[bluebyheart.com/wp-content/uploads/2021/03/Rxce-Colour-Prediction-Tricks.png]
[bluebyheart.com/wp-content/plugins/wp-rocket/assets/img/youtube.png]
[bluebyheart.com/rxce-colour-prediction/amp/index.html]
[bluebyheart.com/wp-includes/js/jquery/jquery.minaf6c.js]
[bluebyheart.com/wp-includes/js/jquery/jquery-migrate.mind617.js]
[bluebyheart.com/wp-content/uploads/2020/11/cropped-fav-32x32.png]
[bluebyheart.com/rxce-colour-prediction/feed/index.html]
[bluebyheart.com/wp-content/uploads/2020/11/cropped-fav-192x192.png]
[bluebyheart.com/wp-content/uploads/2020/11/cropped-fav-180x180.png]
[pagead2.googlesyndication.com/pagead/js/fcd16.txt]
[bluebyheart.com/wp-content/uploads/2020/11/cropped-cropped-bluebyhe.png]
[bluebyheart.com/wp-content/uploads/2021/03/Rxce.in-App-Download.jpg]
[bluebyheart.com/wp-content/uploads/2021/03/Rxce.in-Review.jpg]
[bluebyheart.com/wp-content/uploads/2022/04/Angel-Broking-Referral-Code.jpg]
[bluebyheart.com/wp-content/uploads/2020/11/cropped-cropped-bluebyhe-300x56.png]
[bluebyheart.com/wp-content/plugins/gp-premium/menu-plus/functions/js/sticky.mine1fc.js]
[bluebyheart.com/wp-content/plugins/gp-premium/menu-plus/functions/js/offside.mine1fc.js]
[bluebyheart.com/wp-includes/js/dist/vendor/regenerator-runtime.min3937.js]
[bluebyheart.com/wp-includes/js/dist/vendor/wp-polyfill.min2c7c.js]
[bluebyheart.com/wp-content/cache/min/1/wp-content/plugins/contact-form-7/includes/js/indexe11d.js]
[bluebyheart.com/wp-content/themes/generatepress/assets/js/menu.min324d.js]
[bluebyheart.com/wp-content/uploads/essential-addons-elementor/734e5f942.mina3c6.js]
[bluebyheart.com/wp-content/themes/generatepress/assets/js/navigation-search.min324d.js]
[bluebyheart.com/wp-content/themes/generatepress/assets/js/back-to-top.min324d.js]
[bluebyheart.com/wp-includes/js/comment-reply.min7404.js]
[bluebyheart.com/wp-content/plugins/easy-table-of-contents/vendor/smooth-scroll/jquery.smooth-scroll.min3601.js]
[bluebyheart.com/wp-content/plugins/easy-table-of-contents/vendor/js-cookie/js.cookie.min77e6.js]
[bluebyheart.com/wp-content/plugins/easy-table-of-contents/vendor/sticky-kit/jquery.sticky-kit.min2c00.js]
[bluebyheart.com/wp-content/plugins/easy-table-of-contents/assets/js/front.minfc5b.js]
[bluebyheart.com/wp-content/plugins/wp-rocket/assets/js/lazyload/17.5/lazyload.min.js]
[bluebyheart.com/rxce-colour-prediction/index.html]
[cdn.ampproject.org/v0/amp-form-latest.js]
[cdn.ampproject.org/v0.js]
[cdn.ampproject.org/v0/amp-youtube-latest.js]
[cdn.ampproject.org/v0/amp-addthis-0.1.js]
[cdn.ampproject.org/v0/amp-bind-latest.js]
[cdn.ampproject.org/v0/amp-lightbox-0.1.js]
[cdn.ampproject.org/v0/amp-ad-0.1.js]
[cdn.ampproject.org/v0/amp-consent-0.1.js]
[cdn.ampproject.org/v0/amp-geo-0.1.js]
[cdn.ampproject.org/v0/amp-social-share-0.1.js]
[cdn.ampproject.org/v0/amp-sidebar-0.1.js]
[bluebyheart.com/wp-content/uploads/2020/11/bluebyhe.png]
[bluebyheart.com/wp-content/uploads/2022/03/Kubera-Fantasy-Referral-Code-300x169.png]
[bluebyheart.com/wp-content/uploads/2021/09/IMG_20210901_150603-300x251.jpg]
[bluebyheart.com/wp-content/uploads/2021/08/IMG_20210812_153053-300x217.jpg]
[bluebyheart.com/rxce-colour-prediction/amp/index.html]
